// Jest Snapshot v1, https://goo.gl/fbAQLP

exports[`server should return paginated response 1`] = `
Object {
  "hasMore": false,
  "items": Array [
    Object {
      "id": "f33e2858-f294-4c6d-91ae-7f78a3efca1b",
    },
  ],
  "total": 1,
}
`;
